// Jest Snapshot v1, https://goo.gl/fbAQLP

exports[`<App /> renders main App 1`] = `
<div
  className="main-app"
>
  <DescriptionTitle
    city=""
    home_name=""
    host=""
    house_type=""
    images=""
    info={Object {}}
    titleIcons={Array []}
  />
  <HighlightList
    highlights={Array []}
    host=""
    info={Object {}}
  />
  <DescriptionBody
    description=""
    info={Object {}}
    showDescription={false}
    toggleDescription={[Function]}
  />
  <Amenities
    amenities={Array []}
    info={Object {}}
    modal={false}
    showModal={false}
    togglePopup={[Function]}
  />
  <SleepingArrangements
    info={Object {}}
    sleep_arrangement={Array []}
    titleIcon={Array []}
  />
  <Rules
    info={Object {}}
    rules={Array []}
    rules2=""
    showRules={false}
    toggleRules={[Function]}
  />
  <Cancellations
    showCancellation={false}
    toggleCancellation={[Function]}
  />
</div>
`;
